../Core/Src/main.c:54:10:read_register	24	static
../Core/Src/main.c:61:9:Is_the_mode_output	16	static
../Core/Src/main.c:90:6:PortIO_Clock	16	static
../Core/Src/main.c:98:6:PortIO_init	16	static
../Core/Src/main.c:131:6:Port_set_numPin	16	static
../Core/Src/main.c:136:6:Port_read_value	16	static
../Core/Src/main.c:148:6:Port_read_direction	16	static
../Core/Src/main.c:225:6:Port_set_direction	24	static
../Core/Src/main.c:338:6:Port_set_value	48	static
../Core/Src/main.c:372:6:Port_free	16	static
../Core/Src/main.c:384:5:main	8	static
../Core/Src/main.c:451:6:SystemClock_Config	72	static
../Core/Src/main.c:490:13:MX_USART2_UART_Init	8	static
../Core/Src/main.c:523:13:MX_GPIO_Init	40	static
../Core/Src/main.c:563:6:Error_Handler	4	static,ignoring_inline_asm
