../Core/Src/main.c:53:10:read_register	24	static
../Core/Src/main.c:79:6:PortIO_Clock	16	static
../Core/Src/main.c:87:6:PortIO_init	16	static
../Core/Src/main.c:120:6:Port_set_numPin	16	static
../Core/Src/main.c:125:6:Port_read_value	16	static
../Core/Src/main.c:138:6:Port_read_direction	16	static
../Core/Src/main.c:224:6:Port_set_direction	24	static
../Core/Src/main.c:337:6:Port_set_value	24	static
../Core/Src/main.c:360:6:Port_free	16	static
../Core/Src/main.c:372:5:main	8	static
../Core/Src/main.c:439:6:SystemClock_Config	72	static
../Core/Src/main.c:478:13:MX_USART2_UART_Init	8	static
../Core/Src/main.c:511:13:MX_GPIO_Init	40	static
../Core/Src/main.c:551:6:Error_Handler	4	static,ignoring_inline_asm
